
> erp-fiscal@0.1.0 build
> next build

  Γû▓ Next.js 14.2.3
  - Environments: .env.local, .env

   Creating an optimized production build ...
 Γ£ô Compiled successfully
   Linting and checking validity of types ...
   Collecting page data ...
node.exe : Error: 
supabaseKey is 
required.
En línea: 1 Carácter: 1
+ & "C:\Program 
Files\nodejs/node.exe" 
"C:\Program 
Files\nodejs/node_mo 
...
+ ~~~~~~~~~~~~~~~~~~~~~
~~~~~~~~~~~~~~~~~~~~~~~
~~~~~~~~~~~~~~~~~~~~~~~
~~
    + CategoryInfo     
         : NotSpecifi  
  ed: (Error: supaba   
 seKey is required.    
:String) [], Remot    
eException
    + FullyQualifiedEr 
   rorId : NativeComm  
  andError
 
    at new rg (C:\Users
\LENOVO\erp-fiscal\.nex
t\server\chunks\7857.js
:37:48396)
    at ry (C:\Users\LEN
OVO\erp-fiscal\.next\se
rver\chunks\7857.js:37:
52119)
    at 32318 (C:\Users\
LENOVO\erp-fiscal\.next
\server\app\api\webhook
s\route.js:1:92502)
    at t (C:\Users\LENO
VO\erp-fiscal\.next\ser
ver\webpack-runtime.js:
1:142)
    at r (C:\Users\LENO
VO\erp-fiscal\.next\ser
ver\app\api\webhooks\ro
ute.js:1:97176)
    at C:\Users\LENOVO\
erp-fiscal\.next\server
\app\api\webhooks\route
.js:1:97209
    at t.X (C:\Users\LE
NOVO\erp-fiscal\.next\s
erver\webpack-runtime.j
s:1:1270)
    at C:\Users\LENOVO\
erp-fiscal\.next\server
\app\api\webhooks\route
.js:1:97189
    at 
Object.<anonymous> (C:\
Users\LENOVO\erp-fiscal
\.next\server\app\api\w
ebhooks\route.js:1:9723
7)
    at Module._compile 
(node:internal/modules/
cjs/loader:1804:14)

> Build error occurred
Error: Failed to 
collect page data for 
/api/webhooks
    at C:\Users\LENOVO\
erp-fiscal\node_modules
\next\dist\build\utils.
js:1268:15
    at process.processT
icksAndRejections (node
:internal/process/task_
queues:103:5) {
  type: 'Error'
}
